I'm sorry, but errors were detected in your script. Please correct the
errors listed below, and try again.


File "game/script.rpy", line 229: invalid syntax
    theend = text "The End"
                           ^
    

Ren'Py Version: Ren'Py 6.99.13.2919
